// Jest Snapshot v1, https://goo.gl/fbAQLP

exports[`SearchDishType  should match snapshot 1`] = `
<View
  accessible={true}
  focusable={false}
  onClick={[Function]}
  onResponderGrant={[Function]}
  onResponderMove={[Function]}
  onResponderRelease={[Function]}
  onResponderTerminate={[Function]}
  onResponderTerminationRequest={[Function]}
  onStartShouldSetResponder={[Function]}
  style={
    Object {
      "opacity": 1,
      "width": "10%",
    }
  }
>
  <Image
    resizeMode="cover"
    style={
      Object {
        "borderRadius": 5,
        "height": 60,
        "width": 60,
      }
    }
  />
  <Text
    style={
      Object {
        "color": "#12ad36",
        "padding": "8%",
      }
    }
    testID="dishType"
  />
</View>
`;
